---
source: hydroflow_plus_test/src/negation.rs
expression: "flow.meta_graph().unwrap().to_dot(&Default::default())"
---
digraph {
    node [fontname="Monaco,Menlo,Consolas,&quot;Droid Sans Mono&quot;,Inconsolata,&quot;Courier New&quot;,monospace", style=filled];
    edge [fontname="Monaco,Menlo,Consolas,&quot;Droid Sans Mono&quot;,Inconsolata,&quot;Courier New&quot;,monospace"];
    n1v1 [label="(n1v1) source_iter({\l    use crate::__staged::negation::*;\l    0..5\l})\l", shape=invhouse, fillcolor="#88aaff"]
    n3v1 [label="(n3v1) map({\l    use crate::__staged::negation::*;\l    |v| (v, v)\l})\l", shape=invhouse, fillcolor="#88aaff"]
    n5v1 [label="(n5v1) source_iter({\l    use crate::__staged::negation::*;\l    3..6\l})\l", shape=invhouse, fillcolor="#88aaff"]
    n7v1 [label="(n7v1) persist()", shape=invhouse, fillcolor="#88aaff"]
    n9v1 [label="(n9v1) anti_join::<'tick, 'tick>()", shape=invhouse, fillcolor="#88aaff"]
    n10v3 [label="(n10v3) handoff", shape=parallelogram, fillcolor="#ddddff"]
    n11v1 [label="(n11v1) for_each({\l    use crate::__staged::negation::*;\l    let output = output;\l    |v: (u32, u32)| {\l        output.send(v.0).unwrap();\l    }\l})\l", shape=house, fillcolor="#ffff88"]
    n1v1 -> n3v1
    n3v1 -> n7v1
    n10v3 -> n9v1 [label="neg", color=red]
    n7v1 -> n9v1 [label="pos"]
    n5v1 -> n10v3
    n9v1 -> n11v1
    subgraph "cluster n1v1" {
        fillcolor="#dddddd"
        style=filled
        label = "sg_1v1\nstratum 0"
        n5v1
        subgraph "cluster_sg_1v1_var_stream_2" {
            label="var stream_2"
            n5v1
        }
    }
    subgraph "cluster n2v1" {
        fillcolor="#dddddd"
        style=filled
        label = "sg_2v1\nstratum 1"
        n1v1
        n3v1
        n7v1
        n9v1
        n11v1
        subgraph "cluster_sg_2v1_var_stream_0" {
            label="var stream_0"
            n1v1
        }
        subgraph "cluster_sg_2v1_var_stream_1" {
            label="var stream_1"
            n3v1
        }
        subgraph "cluster_sg_2v1_var_stream_3" {
            label="var stream_3"
            n9v1
        }
        subgraph "cluster_sg_2v1_var_stream_4" {
            label="var stream_4"
            n7v1
        }
    }
}

